2025-10-14 Tuesday 16:13:36 INFO:启用自蒸馏训练
2025-10-14 Tuesday 16:13:36 INFO:损失系数: 0.3
2025-10-14 Tuesday 16:13:36 INFO:特征损失系数: 0.05
2025-10-14 Tuesday 16:13:36 INFO:蒸馏温度: 3.0
2025-10-14 Tuesday 16:13:36 INFO:Loading Training Dataset
2025-10-14 Tuesday 16:13:38 INFO:Loading Test Dataset
2025-10-14 Tuesday 16:13:38 INFO:Running Cross Validation 1
2025-10-14 Tuesday 16:21:25 INFO:Fold 1, epoch: 59, Best Valid Loss: 1.009
2025-10-14 Tuesday 16:21:25 INFO:Running Cross Validation 2
2025-10-14 Tuesday 16:29:05 INFO:Fold 2, epoch: 68, Best Valid Loss: 0.778
2025-10-14 Tuesday 16:29:05 INFO:Running Cross Validation 3
2025-10-14 Tuesday 16:36:57 INFO:Fold 3, epoch: 60, Best Valid Loss: 0.919
2025-10-14 Tuesday 16:36:57 INFO:Running Cross Validation 4
2025-10-14 Tuesday 16:44:44 INFO:Fold 4, epoch: 62, Best Valid Loss: 1.158
2025-10-14 Tuesday 16:44:44 INFO:Running Cross Validation 5
2025-10-14 Tuesday 16:52:28 INFO:Fold 5, epoch: 53, Best Valid Loss: 1.024
2025-10-14 Tuesday 16:52:28 INFO:Task: test
2025-10-14 Tuesday 16:52:29 INFO:Fold 1, PCC: 0.837, RMSE: 1.015, Direct PCC: 0.761, Reverse PCC: 0.760, Direct RMSE: 1.015,  Reverse RMSE: 1.016
2025-10-14 Tuesday 16:52:29 INFO:Fold 2, PCC: 0.846, RMSE: 0.996, Direct PCC: 0.773, Reverse PCC: 0.772, Direct RMSE: 0.996,  Reverse RMSE: 0.996
2025-10-14 Tuesday 16:52:29 INFO:Fold 3, PCC: 0.858, RMSE: 0.961, Direct PCC: 0.791, Reverse PCC: 0.792, Direct RMSE: 0.970,  Reverse RMSE: 0.952
2025-10-14 Tuesday 16:52:30 INFO:Fold 4, PCC: 0.858, RMSE: 0.979, Direct PCC: 0.793, Reverse PCC: 0.792, Direct RMSE: 0.973,  Reverse RMSE: 0.986
2025-10-14 Tuesday 16:52:30 INFO:Fold 5, PCC: 0.849, RMSE: 0.985, Direct PCC: 0.779, Reverse PCC: 0.783, Direct RMSE: 0.982,  Reverse RMSE: 0.988
2025-10-14 Tuesday 16:52:30 INFO:0.872 0.927  0.812  0.812 0.927 0.926
2025-10-14 Tuesday 16:52:30 INFO:Task: myoglobin
2025-10-14 Tuesday 16:52:30 INFO:Fold 1, PCC: 0.721, RMSE: 0.872, Direct PCC: 0.617, Reverse PCC: 0.616, Direct RMSE: 0.867,  Reverse RMSE: 0.877
2025-10-14 Tuesday 16:52:30 INFO:Fold 2, PCC: 0.752, RMSE: 0.783, Direct PCC: 0.667, Reverse PCC: 0.666, Direct RMSE: 0.782,  Reverse RMSE: 0.785
2025-10-14 Tuesday 16:52:30 INFO:Fold 3, PCC: 0.757, RMSE: 0.791, Direct PCC: 0.676, Reverse PCC: 0.682, Direct RMSE: 0.792,  Reverse RMSE: 0.791
2025-10-14 Tuesday 16:52:30 INFO:Fold 4, PCC: 0.729, RMSE: 0.818, Direct PCC: 0.629, Reverse PCC: 0.626, Direct RMSE: 0.819,  Reverse RMSE: 0.818
2025-10-14 Tuesday 16:52:31 INFO:Fold 5, PCC: 0.763, RMSE: 0.803, Direct PCC: 0.682, Reverse PCC: 0.671, Direct RMSE: 0.807,  Reverse RMSE: 0.799
2025-10-14 Tuesday 16:52:31 INFO:0.772 0.757  0.690  0.687 0.756 0.758
2025-10-14 Tuesday 16:52:31 INFO:Task: p53
2025-10-14 Tuesday 16:52:31 INFO:Fold 1, PCC: 0.836, RMSE: 1.316, Direct PCC: 0.712, Reverse PCC: 0.712, Direct RMSE: 1.320,  Reverse RMSE: 1.312
2025-10-14 Tuesday 16:52:31 INFO:Fold 2, PCC: 0.845, RMSE: 1.378, Direct PCC: 0.728, Reverse PCC: 0.729, Direct RMSE: 1.380,  Reverse RMSE: 1.376
2025-10-14 Tuesday 16:52:31 INFO:Fold 3, PCC: 0.855, RMSE: 1.349, Direct PCC: 0.753, Reverse PCC: 0.743, Direct RMSE: 1.368,  Reverse RMSE: 1.330
2025-10-14 Tuesday 16:52:31 INFO:Fold 4, PCC: 0.829, RMSE: 1.412, Direct PCC: 0.701, Reverse PCC: 0.696, Direct RMSE: 1.403,  Reverse RMSE: 1.421
2025-10-14 Tuesday 16:52:31 INFO:Fold 5, PCC: 0.886, RMSE: 1.212, Direct PCC: 0.805, Reverse PCC: 0.808, Direct RMSE: 1.189,  Reverse RMSE: 1.234
2025-10-14 Tuesday 16:52:31 INFO:0.866 1.306  0.771  0.768 1.304 1.308
2025-10-14 Tuesday 16:52:31 INFO:Task: S250
2025-10-14 Tuesday 16:52:31 INFO:Fold 1, PCC: 0.844, RMSE: 1.015, Direct PCC: 0.852, Reverse PCC: 0.855, Direct RMSE: 1.016,  Reverse RMSE: 1.013
2025-10-14 Tuesday 16:52:31 INFO:Fold 2, PCC: 0.826, RMSE: 1.080, Direct PCC: 0.835, Reverse PCC: 0.835, Direct RMSE: 1.080,  Reverse RMSE: 1.081
2025-10-14 Tuesday 16:52:32 INFO:Fold 3, PCC: 0.854, RMSE: 1.000, Direct PCC: 0.854, Reverse PCC: 0.866, Direct RMSE: 1.009,  Reverse RMSE: 0.990
2025-10-14 Tuesday 16:52:32 INFO:Fold 4, PCC: 0.765, RMSE: 1.216, Direct PCC: 0.776, Reverse PCC: 0.768, Direct RMSE: 1.210,  Reverse RMSE: 1.221
2025-10-14 Tuesday 16:52:32 INFO:Fold 5, PCC: 0.770, RMSE: 1.206, Direct PCC: 0.780, Reverse PCC: 0.765, Direct RMSE: 1.190,  Reverse RMSE: 1.222
2025-10-14 Tuesday 16:52:32 INFO:0.869 0.976  0.876  0.878 0.978 0.974
2025-10-14 Tuesday 16:52:32 INFO:Task: S605
2025-10-14 Tuesday 16:52:33 INFO:Fold 1, PCC: 0.871, RMSE: 1.197, Direct PCC: 0.801, Reverse PCC: 0.801, Direct RMSE: 1.200,  Reverse RMSE: 1.195
2025-10-14 Tuesday 16:52:33 INFO:Fold 2, PCC: 0.862, RMSE: 1.300, Direct PCC: 0.786, Reverse PCC: 0.788, Direct RMSE: 1.307,  Reverse RMSE: 1.292
2025-10-14 Tuesday 16:52:34 INFO:Fold 3, PCC: 0.881, RMSE: 1.194, Direct PCC: 0.817, Reverse PCC: 0.820, Direct RMSE: 1.216,  Reverse RMSE: 1.172
2025-10-14 Tuesday 16:52:34 INFO:Fold 4, PCC: 0.872, RMSE: 1.275, Direct PCC: 0.803, Reverse PCC: 0.803, Direct RMSE: 1.266,  Reverse RMSE: 1.284
2025-10-14 Tuesday 16:52:35 INFO:Fold 5, PCC: 0.859, RMSE: 1.287, Direct PCC: 0.786, Reverse PCC: 0.781, Direct RMSE: 1.264,  Reverse RMSE: 1.310
2025-10-14 Tuesday 16:52:35 INFO:0.887 1.195  0.826  0.826 1.196 1.194
2025-10-14 Tuesday 16:52:35 INFO:Task: S1925
2025-10-14 Tuesday 16:52:36 INFO:Fold 1, PCC: 0.817, RMSE: 1.200, Direct PCC: 0.743, Reverse PCC: 0.744, Direct RMSE: 1.203,  Reverse RMSE: 1.197
2025-10-14 Tuesday 16:52:37 INFO:Fold 2, PCC: 0.821, RMSE: 1.219, Direct PCC: 0.750, Reverse PCC: 0.752, Direct RMSE: 1.223,  Reverse RMSE: 1.215
2025-10-14 Tuesday 16:52:38 INFO:Fold 3, PCC: 0.827, RMSE: 1.192, Direct PCC: 0.757, Reverse PCC: 0.760, Direct RMSE: 1.207,  Reverse RMSE: 1.177
2025-10-14 Tuesday 16:52:39 INFO:Fold 4, PCC: 0.822, RMSE: 1.236, Direct PCC: 0.752, Reverse PCC: 0.750, Direct RMSE: 1.227,  Reverse RMSE: 1.245
2025-10-14 Tuesday 16:52:40 INFO:Fold 5, PCC: 0.823, RMSE: 1.210, Direct PCC: 0.752, Reverse PCC: 0.751, Direct RMSE: 1.197,  Reverse RMSE: 1.223
2025-10-14 Tuesday 16:52:40 INFO:0.842 1.168  0.778  0.778 1.169 1.167
2025-10-14 Tuesday 16:52:40 INFO:Task: S350
2025-10-14 Tuesday 16:52:40 INFO:Fold 1, PCC: 0.941, RMSE: 0.604, Direct PCC: 0.922, Reverse PCC: 0.922, Direct RMSE: 0.605,  Reverse RMSE: 0.603
2025-10-14 Tuesday 16:52:41 INFO:Fold 2, PCC: 0.938, RMSE: 0.642, Direct PCC: 0.919, Reverse PCC: 0.916, Direct RMSE: 0.640,  Reverse RMSE: 0.645
2025-10-14 Tuesday 16:52:41 INFO:Fold 3, PCC: 0.939, RMSE: 0.617, Direct PCC: 0.923, Reverse PCC: 0.921, Direct RMSE: 0.622,  Reverse RMSE: 0.611
2025-10-14 Tuesday 16:52:41 INFO:Fold 4, PCC: 0.933, RMSE: 0.674, Direct PCC: 0.913, Reverse PCC: 0.912, Direct RMSE: 0.666,  Reverse RMSE: 0.681
2025-10-14 Tuesday 16:52:41 INFO:Fold 5, PCC: 0.933, RMSE: 0.646, Direct PCC: 0.912, Reverse PCC: 0.914, Direct RMSE: 0.642,  Reverse RMSE: 0.651
2025-10-14 Tuesday 16:52:41 INFO:0.959 0.533  0.946  0.946 0.533 0.533
2025-10-14 Tuesday 16:52:41 INFO:Task: S879
2025-10-14 Tuesday 16:52:42 INFO:Fold 1, PCC: 0.798, RMSE: 1.402, Direct PCC: 0.749, Reverse PCC: 0.750, Direct RMSE: 1.404,  Reverse RMSE: 1.399
2025-10-14 Tuesday 16:52:43 INFO:Fold 2, PCC: 0.786, RMSE: 1.469, Direct PCC: 0.736, Reverse PCC: 0.735, Direct RMSE: 1.472,  Reverse RMSE: 1.466
2025-10-14 Tuesday 16:52:44 INFO:Fold 3, PCC: 0.799, RMSE: 1.414, Direct PCC: 0.747, Reverse PCC: 0.756, Direct RMSE: 1.430,  Reverse RMSE: 1.397
2025-10-14 Tuesday 16:52:44 INFO:Fold 4, PCC: 0.758, RMSE: 1.527, Direct PCC: 0.702, Reverse PCC: 0.699, Direct RMSE: 1.522,  Reverse RMSE: 1.533
2025-10-14 Tuesday 16:52:45 INFO:Fold 5, PCC: 0.795, RMSE: 1.432, Direct PCC: 0.754, Reverse PCC: 0.741, Direct RMSE: 1.410,  Reverse RMSE: 1.453
2025-10-14 Tuesday 16:52:45 INFO:0.818 1.383  0.775  0.775 1.383 1.382
